Planning prompt for MCP
